// Jest Snapshot v1, https://goo.gl/fbAQLP

exports[`renders without crashing - without redux store 1`] = `
<div
  className="App"
>
  <h1>
    Maps
  </h1>
</div>
`;
