// Jest Snapshot v1, https://goo.gl/fbAQLP

exports[`renders without crashing 1`] = `
<div
  className="Map"
>
  <h1>
    Maps
  </h1>
</div>
`;
